Microchip MPLAB XC8 Compiler V1.40 ()

Linker command line:

-W-3 --edf=C:\Program Files (x86)\Microchip\xc8\v1.40\dat\en_msgs.txt -cs \
  -h+dist/default/production\BattryChacker.X.production.sym \
  --cmf=dist/default/production\BattryChacker.X.production.cmf -z -Q12F683 \
  -oC:\Users\Owner\AppData\Local\Temp\scmk.2 \
  -Mdist/default/production/BattryChacker.X.production.map -E1 -ver=XC8 \
  -ASTACK=035h-06fh -pstack=STACK -ACODE=00h-07FFh -ASTRCODE=00h-07FFh \
  -ASTRING=00h-0FFhx8 -ACONST=00h-0FFhx8 -AENTRY=00h-0FFhx8 \
  -ACOMMON=070h-07Fh -ABANK0=020h-06Fh -ABANK1=0A0h-0BFh \
  -ARAM=020h-06Fh,0A0h-0BFh -AABS1=020h-07Fh,0A0h-0BFh -ASFR0=00h-01Fh \
  -ASFR1=080h-09Fh -preset_vec=00h,intentry=04h,init,end_init \
  -ppowerup=CODE -pcinit=CODE -pfunctab=CODE -ACONFIG=02007h-02007h \
  -pconfig=CONFIG -DCONFIG=2 -AIDLOC=02000h-02003h -pidloc=IDLOC -DIDLOC=2 \
  -AEEDATA=00h-0FFh/02100h -peeprom_data=EEDATA -DEEDATA=2 -DCODE=2 \
  -DSTRCODE=2 -DSTRING=2 -DCONST=2 -DENTRY=2 -k \
  C:\Users\Owner\AppData\Local\Temp\scmk.obj \
  dist/default/production\BattryChacker.X.production.obj 

Object code version is 3.11

Machine type is 12F683



                Name                               Link     Load   Length Selector   Space Scale
C:\Users\Owner\AppData\Local\Temp\scmk.obj
                end_init                              F        F        1        8       0
                reset_vec                             0        0        1        0       0
                config                             2007     2007        1     400E       0
dist/default/production\BattryChacker.X.production.obj
                cinit                                10       10        B        8       0
                intentry                              4        4        B        8       0
                text5                               1D8      1D8       18        8       0
                text4                               1BB      1BB       1D        8       0
                text3                               1F0      1F0        F        8       0
                text2                               164      164       2F        8       0
                text1                               193      193       28        8       0
                maintext                             1B       1B      149        8       0
                cstackBANK0                          32       32        3       20       1
                cstackCOMMON                         76       76        4       70       1
                clrtext                             1FF      1FF        8        8       0
                bssBANK0                             20       20       12       20       1
                bssCOMMON                            70       70        6       70       1

TOTAL           Name                               Link     Load   Length     Space
        CLASS   STACK          

        CLASS   CODE           
                end_init                              F        F        1         0
                cinit                                10       10        B         0
                intentry                              4        4        B         0
                reset_vec                             0        0        1         0
                text5                               1D8      1D8       18         0
                text4                               1BB      1BB       1D         0
                text3                               1F0      1F0        F         0
                text2                               164      164       2F         0
                text1                               193      193       28         0
                maintext                             1B       1B      149         0
                clrtext                             1FF      1FF        8         0

        CLASS   STRCODE        

        CLASS   STRING         

        CLASS   CONST          

        CLASS   ENTRY          

        CLASS   COMMON         
                cstackCOMMON                         76       76        4         1
                bssCOMMON                            70       70        6         1

        CLASS   BANK0          
                cstackBANK0                          32       32        3         1
                bssBANK0                             20       20       12         1

        CLASS   BANK1          

        CLASS   RAM            

        CLASS   ABS1           
                abs_s1                               7E       7E        2         1

        CLASS   SFR0           

        CLASS   SFR1           

        CLASS   CONFIG         
                config                             2007     2007        1         0

        CLASS   IDLOC          

        CLASS   EEDATA         



SEGMENTS        Name                           Load    Length   Top    Selector   Space  Class     Delta

                reset_vec                      000000  000001  000001         0       0  CODE        2
                intentry                       000004  000203  000207         8       0  CODE        2
                bssBANK0                       000020  000015  000035        20       1  BANK0       1
                bssCOMMON                      000070  00000A  00007A        70       1  COMMON      1
                config                         002007  000001  002008      400E       0  CONFIG      2


UNUSED ADDRESS RANGES

        Name                Unused          Largest block    Delta
        BANK0            0035-006F             3B           1
        BANK1            00A0-00BF             20           1
        CODE             0001-0003              3           2
                         0207-07FF            5F9
        COMMON           007A-007D              4           1
        CONST            0001-0003              3           2
                         0207-07FF            100
        EEDATA           2100-21FF            100           2
        ENTRY            0001-0003              3           2
                         0207-07FF            100
        IDLOC            2000-2003              4           2
        RAM              0035-006F             3B           1
                         00A0-00BF             20
        SFR0             0000-001F             20           1
        SFR1             0080-009F             20           1
        STACK            0035-006F             3B           1
        STRCODE          0001-0003              3           2
                         0207-07FF            5F9
        STRING           0001-0003              3           2
                         0207-07FF            100

                                  Symbol Table

ADCONV@CH                cstackBANK0  0032
SECSTART_64@TMR0_CNT     cstackBANK0  0032
_ADCON0                  (abs)        001F
_ADCON0bits              (abs)        001F
_ADCONV                  text4        01BB
_ADC_STEP                bssCOMMON    0070
_ADRESH                  (abs)        001E
_ADRESL                  (abs)        009E
_ANSEL                   (abs)        009F
_CHECKTEMP               text2        0164
_FINALCHECKTEMP          text1        0193
_GL_CH                   bssBANK0     0020
_GPIObits                (abs)        0005
_INTCONbits              (abs)        000B
_ISR                     text5        01D8
_OPTION_REG              (abs)        0081
_OSCCON                  (abs)        008F
_PIE1bits                (abs)        008C
_PIR1bits                (abs)        000C
_RED_STEP                bssBANK0     0022
_REF_DATA                bssBANK0     0024
_R_DANGER                bssCOMMON    0072
_R_ERROR                 bssBANK0     0026
_SEC                     bssBANK0     0028
_SECSTART_64             text3        01F0
_SENSOR_DATA             bssBANK0     002A
_STEP                    bssCOMMON    0074
_TMR0                    (abs)        0001
_TMR0_NOW                bssBANK0     002C
_TRISIO                  (abs)        0085
_Y_DANGER                bssBANK0     002E
_Y_ERROR                 bssBANK0     0030
__CFG_BOREN$ON           (abs)        0000
__CFG_CP$OFF             (abs)        0000
__CFG_CPD$OFF            (abs)        0000
__CFG_FCMEN$ON           (abs)        0000
__CFG_FOSC$INTOSCIO      (abs)        0000
__CFG_IESO$ON            (abs)        0000
__CFG_MCLRE$ON           (abs)        0000
__CFG_PWRTE$OFF          (abs)        0000
__CFG_WDTE$OFF           (abs)        0000
__Habs1                  abs1         0000
__Hbank0                 bank0        0000
__Hbank1                 bank1        0000
__HbssBANK0              bssBANK0     0000
__HbssCOMMON             bssCOMMON    0000
__Hcinit                 cinit        001B
__Hclrtext               clrtext      0000
__Hcode                  code         0000
__Hcommon                common       0000
__Hconfig                config       2008
__HcstackBANK0           cstackBANK0  0000
__HcstackCOMMON          cstackCOMMON 0000
__Heeprom_data           eeprom_data  0000
__Hend_init              end_init     0010
__Hfunctab               functab      0000
__Hidloc                 idloc        0000
__Hinit                  init         000F
__Hintentry              intentry     000F
__Hmaintext              maintext     0000
__Hpowerup               powerup      0000
__Hram                   ram          0000
__Hreset_vec             reset_vec    0001
__Hsfr0                  sfr0         0000
__Hsfr1                  sfr1         0000
__Hspace_0               (abs)        2008
__Hspace_1               (abs)        007A
__Hspace_2               (abs)        0000
__Hspace_3               (abs)        0000
__Hstack                 stack        0000
__Hstrings               strings      0000
__Htext                  text         0000
__Labs1                  abs1         0000
__Lbank0                 bank0        0000
__Lbank1                 bank1        0000
__LbssBANK0              bssBANK0     0000
__LbssCOMMON             bssCOMMON    0000
__Lcinit                 cinit        0010
__Lclrtext               clrtext      0000
__Lcode                  code         0000
__Lcommon                common       0000
__Lconfig                config       2007
__LcstackBANK0           cstackBANK0  0000
__LcstackCOMMON          cstackCOMMON 0000
__Leeprom_data           eeprom_data  0000
__Lend_init              end_init     000F
__Lfunctab               functab      0000
__Lidloc                 idloc        0000
__Linit                  init         000F
__Lintentry              intentry     0004
__Lmaintext              maintext     0000
__Lpowerup               powerup      0000
__Lram                   ram          0000
__Lreset_vec             reset_vec    0000
__Lsfr0                  sfr0         0000
__Lsfr1                  sfr1         0000
__Lspace_0               (abs)        0000
__Lspace_1               (abs)        0000
__Lspace_2               (abs)        0000
__Lspace_3               (abs)        0000
__Lstack                 stack        0000
__Lstrings               strings      0000
__Ltext                  text         0000
__S0                     (abs)        2008
__S1                     (abs)        007A
__S2                     (abs)        0000
__S3                     (abs)        0000
___int_sp                stack        0000
___latbits               (abs)        0000
___sp                    stack        0000
__end_of_ADCONV          text4        01D8
__end_of_CHECKTEMP       text2        0193
__end_of_FINALCHECKTEMP  text1        01BB
__end_of_ISR             text5        01F0
__end_of_SECSTART_64     text3        01FF
__end_of__initialization cinit        0019
__end_of_main            maintext     0164
__initialization         cinit        0010
__pbssBANK0              bssBANK0     0020
__pbssCOMMON             bssCOMMON    0070
__pcstackBANK0           cstackBANK0  0032
__pcstackCOMMON          cstackCOMMON 0076
__pintentry              intentry     0004
__pmaintext              maintext     001B
__ptext1                 text1        0193
__ptext2                 text2        0164
__ptext3                 text3        01F0
__ptext4                 text4        01BB
__ptext5                 text5        01D8
__size_of_ADCONV         (abs)        0000
__size_of_CHECKTEMP      (abs)        0000
__size_of_FINALCHECKTEMP (abs)        0000
__size_of_ISR            (abs)        0000
__size_of_SECSTART_64    (abs)        0000
__size_of_main           (abs)        0000
_main                    maintext     001B
btemp                    (abs)        007E
clear_ram0               clrtext      01FF
end_of_initialization    cinit        0019
interrupt_function       intentry     0004
intlevel0                functab      0000
intlevel1                functab      0000
intlevel2                functab      0000
intlevel3                functab      0000
intlevel4                functab      0000
intlevel5                functab      0000
reset_vec                reset_vec    0000
saved_w                  (abs)        007E
stackhi                  (abs)        0000
stacklo                  (abs)        0000
start                    init         000F
start_initialization     cinit        0010
wtemp0                   (abs)        007E


FUNCTION INFORMATION:

 *************** function _main *****************
 Defined at:
		line 56 in file "main.c"
 Parameters:    Size  Location     Type
		None
 Auto vars:     Size  Location     Type
		None
 Return value:  Size  Location     Type
                  1    wreg      void 
 Registers used:
		wreg, status,2, status,0, pclath, cstack
 Tracked objects:
		On entry : 
		On exit  : 
		Unchanged: 
 Data sizes:     COMMON   BANK0   BANK1
      Params:         0       0       0
      Locals:         0       0       0
      Temps:          0       0       0
      Totals:         0       0       0
Total ram usage:        0 bytes
 Hardware stack levels required when called:    3
 This function calls:
		_ADCONV
		_CHECKTEMP
		_FINALCHECKTEMP
		_SECSTART_64
 This function is called by:
		Startup code after reset
 This function uses a non-reentrant model


 *************** function _FINALCHECKTEMP *****************
 Defined at:
		line 201 in file "main.c"
 Parameters:    Size  Location     Type
		None
 Auto vars:     Size  Location     Type
		None
 Return value:  Size  Location     Type
                  1    wreg      void 
 Registers used:
		wreg, status,2
 Tracked objects:
		On entry : 
		On exit  : 
		Unchanged: 
 Data sizes:     COMMON   BANK0   BANK1
      Params:         0       0       0
      Locals:         0       0       0
      Temps:          0       1       0
      Totals:         0       1       0
Total ram usage:        1 bytes
 Hardware stack levels used:    1
 Hardware stack levels required when called:    1
 This function calls:
		Nothing
 This function is called by:
		_main
 This function uses a non-reentrant model


 *************** function _CHECKTEMP *****************
 Defined at:
		line 189 in file "main.c"
 Parameters:    Size  Location     Type
		None
 Auto vars:     Size  Location     Type
		None
 Return value:  Size  Location     Type
                  1    wreg      void 
 Registers used:
		wreg, status,2, status,0, pclath, cstack
 Tracked objects:
		On entry : 
		On exit  : 
		Unchanged: 
 Data sizes:     COMMON   BANK0   BANK1
      Params:         0       0       0
      Locals:         0       0       0
      Temps:          0       1       0
      Totals:         0       1       0
Total ram usage:        1 bytes
 Hardware stack levels used:    1
 Hardware stack levels required when called:    2
 This function calls:
		_SECSTART_64
 This function is called by:
		_main
 This function uses a non-reentrant model


 *************** function _SECSTART_64 *****************
 Defined at:
		line 214 in file "main.c"
 Parameters:    Size  Location     Type
  TMR0_CNT        2    0[BANK0 ] int 
 Auto vars:     Size  Location     Type
		None
 Return value:  Size  Location     Type
                  1    wreg      void 
 Registers used:
		wreg
 Tracked objects:
		On entry : 
		On exit  : 
		Unchanged: 
 Data sizes:     COMMON   BANK0   BANK1
      Params:         0       2       0
      Locals:         0       0       0
      Temps:          0       0       0
      Totals:         0       2       0
Total ram usage:        2 bytes
 Hardware stack levels used:    1
 Hardware stack levels required when called:    1
 This function calls:
		Nothing
 This function is called by:
		_main
		_CHECKTEMP
 This function uses a non-reentrant model


 *************** function _ADCONV *****************
 Defined at:
		line 169 in file "main.c"
 Parameters:    Size  Location     Type
  CH              2    0[BANK0 ] int 
 Auto vars:     Size  Location     Type
		None
 Return value:  Size  Location     Type
                  1    wreg      void 
 Registers used:
		wreg, status,2, status,0
 Tracked objects:
		On entry : 
		On exit  : 
		Unchanged: 
 Data sizes:     COMMON   BANK0   BANK1
      Params:         0       2       0
      Locals:         0       0       0
      Temps:          0       0       0
      Totals:         0       2       0
Total ram usage:        2 bytes
 Hardware stack levels used:    1
 Hardware stack levels required when called:    1
 This function calls:
		Nothing
 This function is called by:
		_main
 This function uses a non-reentrant model


 *************** function _ISR *****************
 Defined at:
		line 42 in file "main.c"
 Parameters:    Size  Location     Type
		None
 Auto vars:     Size  Location     Type
		None
 Return value:  Size  Location     Type
                  1    wreg      void 
 Registers used:
		wreg, status,2, status,0
 Tracked objects:
		On entry : 
		On exit  : 
		Unchanged: 
 Data sizes:     COMMON   BANK0   BANK1
      Params:         0       0       0
      Locals:         0       0       0
      Temps:          4       0       0
      Totals:         4       0       0
Total ram usage:        4 bytes
 Hardware stack levels used:    1
 This function calls:
		Nothing
 This function is called by:
		Interrupt level 1
 This function uses a non-reentrant model



MODULE INFORMATION

Module		Function		Class		Link	Load	Size
shared
		__initialization		CODE           	0010	0000	10

shared estimated size: 10

main.c
		_ISR           		CODE           	01D8	0000	25
		_FINALCHECKTEMP		CODE           	0193	0000	41
		_main          		CODE           	001B	0000	330
		_CHECKTEMP     		CODE           	0164	0000	48
		_SECSTART_64   		CODE           	01F0	0000	16
		_ADCONV        		CODE           	01BB	0000	30

main.c estimated size: 490

